C51 COMPILER V9.01   CHAOSHENGB                                                            08/25/2013 18:00:38 PAGE 1   


C51 COMPILER V9.01, COMPILATION OF MODULE CHAOSHENGB
OBJECT MODULE PLACED IN chaoshengb.OBJ
COMPILER INVOKED BY: C:\Keil\C51\BIN\C51.EXE chaoshengb.c BROWSE DEBUG OBJECTEXTEND

line level    source

   1          /*********************************************************************************************************
             -**/
   2          //hc-sr04 超声波测距模块 DEMO 程序                                      在实验中涉及到了全局变量的问题     并解决      以后       少用全局变量
   3          //晶振：11。0592
   4          //程序    QQ： 517535000
   5          //taobao店铺：http://shop58246706.taobao.com
   6          //接线：模块TRIG/TX接 P2.7     ECH0/RX 接P2.6
   7          //数码管：共阳数码管P1接数据口,P2.5 P2.4 P2.3接选通数码管
   8          /*********************************************************************************************************
             -**/            
   9          #include <reg52.H>              //器件配置文件
  10          #include <intrins.h>
  11          
  12          
  13                                   
  14          unsigned int  time=0;
  15          unsigned int  timer=0;
  16          unsigned char posit=0;
  17          unsigned long S=0;
  18          bit      flag =0;
  19          sbit  RX  =P2^6;
  20          sbit  TX  =P2^7;
  21          //sbit  ena  =P3^0;
  22          //sbit  enb  =P3^2;
  23          sbit p2_0 = P2^0;
  24          sbit p2_1 = P2^1;
  25          sbit p2_2 = P2^2;
  26          sbit p2_3 = P2^3;
  27          //////////////////////////////////////////////////////////
  28          sbit in1=P1^4;
  29          sbit in2=P1^5;
  30          sbit in3=P1^6;
  31          sbit in4=P1^7;
  32          sbit right=P3^0;
  33          sbit lift=P3^1;
  34          ////////////////////////////////////////////////////////////
  35          
  36          unsigned char code table[]={0xc0,0xf9,0xa4,0xb0,0x99,0x92,0x82,
  37                                  0xf8,0x80,0x90};
  38          
  39          
  40          /////////////////////////////////////////////////////////////////////////
  41          void delay1(unsigned int a)
  42          { 
  43   1      
  44   1      unsigned int i,j,k;
  45   1      for(i=a;i>0;i--)
  46   1          for(j=100;j>0;j--)
  47   1              for(k=100;k>0;k--);
  48   1      }
  49          /////////////////////////////////////////////////////////////////
  50          
  51          
  52          void Delay(unsigned int s)
  53          {
C51 COMPILER V9.01   CHAOSHENGB                                                            08/25/2013 18:00:38 PAGE 2   

  54   1              unsigned int i;
  55   1              for(i=0; i<s; i++);
  56   1      
  57   1      }
  58          
  59          /********************************************************/
  60                                   //扫描数码管
  61          
  62           void Display(unsigned long x)
  63          {
  64   1        
  65   1      p2_0=0;p2_1=1;p2_2=1;p2_3=1;
  66   1      P0 =table[x/100%10];
  67   1      Delay(5);
  68   1      
  69   1      
  70   1      p2_0=1;p2_1=0;p2_2=1;p2_3=1;
  71   1      P0 =table[x/10%10];
  72   1      Delay(5);
  73   1      
  74   1      p2_0=1;p2_1=1;p2_2=0;p2_3=1;
  75   1      P0 =table[x%10];
  76   1      Delay(5);
  77   1      
  78   1      p2_0=1;p2_1=1;p2_2=1;p2_3=0;
  79   1      P0 =table[x/1000%10];
  80   1      Delay(5);
  81   1      
  82   1      p2_3=1;
  83   1      Delay(2);
  84   1      }
  85                          //关闭个位数码管
  86                  
  87          
  88          /********************************************************/
  89              void Conut(void)
  90                  {
  91   1               time=TH0*256+TL0;
  92   1               TH0=0;
  93   1               TL0=0;
  94   1              
  95   1               S=(time*1.7)/100;     //算出来是CM
  96   1               if((S>=400)||flag==1) //超出测量范围显示“-”
  97   1               {       
  98   2                flag=0;
  99   2                S=500;
 100   2               }
 101   1               }
 102          /********************************************************/
 103          ////////////////////////////////////////////////////////////////////////////////////////////////////////
 104          //小于距离是
 105          void julimin()
 106          {
 107   1          while(S<25)
 108   1              
 109   1              
 110   1              {
 111   2      ///////////////////////////////////////////////////////////////
 112   2               
 113   2      //         srand(t/1000);
 114   2      //         a=((char)rand())%10;
 115   2      //         b=(a+1)%2; 
C51 COMPILER V9.01   CHAOSHENGB                                                            08/25/2013 18:00:38 PAGE 3   

 116   2      //         c=a%2;  
 117   2               right=0;
 118   2                       lift=0;
 119   2                       delay1(5);
 120   2                       right=1;
 121   2                       lift=1;
 122   2                       in1=1;
 123   2                       in2=0;
 124   2                       in3=1;
 125   2                   in4=0;
 126   2                       
 127   2      
 128   2      
 129   2      ////////////////////////////////////////////////////////////////////
 130   2              
 131   2               while(!RX);            //当RX为零时等待
 132   2               TR0=1;                     //开启计数
 133   2               while(RX);                     //当RX为1计数并等待
 134   2               TR0=0;                         //关闭计数
 135   2           Conut();                   //计算
 136   2      //     P1=0X00;
 137   2           Delay(10000);
 138   2      //     P1=0X09;
 139   2           
 140   2           
 141   2           }
 142   1      
 143   1      
 144   1      
 145   1      }
 146          ////////////////////////////////////////////////////////////////////////////////////////////////////////
 147          
 148          //////////////////////////////////////////////////////////////////////////////////////////////////////////
 149          // 距离大于是
 150          void julimax()
 151          {
 152   1      while(S>=25)
 153   1              {
 154   2              ////////////////////////////////////////////////
 155   2              right=1;
 156   2              lift=1;
 157   2              in1=1;
 158   2              in2=0;
 159   2              in3=0;
 160   2              in4=1;
 161   2              //////////////////////////////////////////////////////
 162   2               while(!RX);            //当RX为零时等待
 163   2               TR0=1;                     //开启计数
 164   2               while(RX);                     //当RX为1计数并等待
 165   2               TR0=0;                         //关闭计数
 166   2           Conut();                   //计算
 167   2      //     P1=0X00;
 168   2           Delay(100);
 169   2      //     P1=0X0B;
 170   2       
 171   2           }
 172   1      
 173   1      }
 174          
 175          
 176          
 177          
C51 COMPILER V9.01   CHAOSHENGB                                                            08/25/2013 18:00:38 PAGE 4   

 178          
 179               void zd0() interrupt 1              //T0中断用来计数器溢出,超过测距范围
 180            {
 181   1          TH0=0;
 182   1          TL0=0;
 183   1          flag=1;
 184   1              
 185   1                                                                       //中断溢出标志
 186   1        }
 187          /********************************************************/
 188             void  zd3()  interrupt 3              //T1中断用来扫描数码管和计800MS启动模块
 189            {
 190   1               TH1=0x75;
 191   1               TL1=0x30;
 192   1               Display(S);
 193   1               timer++;
 194   1               if(timer>=10)
 195   1               {
 196   2                timer=0;
 197   2                TX=1;                                 //800MS  启动一次模块
 198   2       
 199   2                _nop_(); 
 200   2                _nop_(); 
 201   2                _nop_(); 
 202   2                _nop_(); 
 203   2                _nop_(); 
 204   2                _nop_(); 
 205   2                _nop_(); 
 206   2                _nop_(); 
 207   2                _nop_(); 
 208   2                _nop_();
 209   2                _nop_(); 
 210   2                _nop_(); 
 211   2                _nop_(); 
 212   2                _nop_();
 213   2      
 214   2                TX=0;
 215   2      //        t++;
 216   2      //        if(t==65533){t=0;}
 217   2               } 
 218   1        }
 219          /*********************************************************/
 220          void  main(  void  )
 221          { 
 222   1      
 223   1          TMOD=0x11;             //设T0为方式1，GATE=1；
 224   1              TH0=0;
 225   1              TL0=0;          
 226   1              TH1=0x75;                  //2MS定时
 227   1              TL1=0x30;
 228   1              ET0=1;              //允许T0中断
 229   1              ET1=1;                     //允许T1中断
 230   1              TR1=1;                     //开启定时器
 231   1              EA=1;                      //开启总中断
 232   1      while(1)
 233   1      { 
 234   2      /////////////////////////////////////////////////////////////////
 235   2      /*   right=1;
 236   2              lift=1;
 237   2              in1=1;
 238   2              in2=0;
 239   2              in3=0;
C51 COMPILER V9.01   CHAOSHENGB                                                            08/25/2013 18:00:38 PAGE 5   

 240   2              in4=1;    */
 241   2      //////////////////////////////////////////////////////////////
 242   2         
 243   2       //   ena=1;
 244   2       //   enb=1;
 245   2       //   P1=0X00;
 246   2          
 247   2       
 248   2       julimax();
 249   2       julimin();
 250   2      
 251   2       }
 252   1       }               


MODULE INFORMATION:   STATIC OVERLAYABLE
   CODE SIZE        =    561    ----
   CONSTANT SIZE    =     10    ----
   XDATA SIZE       =   ----    ----
   PDATA SIZE       =   ----    ----
   DATA SIZE        =      9       4
   IDATA SIZE       =   ----    ----
   BIT SIZE         =      1    ----
END OF MODULE INFORMATION.


C51 COMPILATION COMPLETE.  0 WARNING(S),  0 ERROR(S)
