C51 COMPILER V9.01   WUXIAN                                                                08/24/2013 16:14:51 PAGE 1   


C51 COMPILER V9.01, COMPILATION OF MODULE WUXIAN
OBJECT MODULE PLACED IN wuxian.OBJ
COMPILER INVOKED BY: C:\Keil\C51\BIN\C51.EXE wuxian.c BROWSE DEBUG OBJECTEXTEND

line level    source

   1          #include <reg51.h>
   2          sbit p2_0 = P2^0;
   3          sbit p2_1 = P2^1;
   4          sbit p2_2 = P2^2;
   5          sbit p2_3 = P2^3;
   6          sbit p1_0 = P1^0;
   7          sbit p1_1 = P1^1;
   8          sbit p1_2 = P1^2;
   9          sbit p1_3 = P1^3;
  10          /*******************************共阳LED段码表*******************************/
  11          unsigned char code table[]={0xc0,0xf9,0xa4,0xb0,0x99,0x92,0x82,0xf8,0x80,0x90};
  12          /*******************************定义全局变量********************************/
  13          /*********************************端口定义**********************************/
  14                                                          //接收到的数据
  15          /****************************************************************************
  16          函数功能:数码管扫描延时子程序
  17          入口参数:
  18          出口参数:
  19          ****************************************************************************/
  20          void delay(int a)
  21          {
  22   1              int k,j;
  23   1              for(k=a;k>0;k--)
  24   1              for(j=0;j<125;j++);
  25   1      
  26   1      }
  27          /****************************************************************************
  28          函数功能:LED数码管显示程序
  29          入口参数:k
  30          出口参数:
  31          ****************************************************************************/
  32          void display(int a)
  33          {
  34   1      unsigned int k=200;
  35   1      
  36   1      while  (k--)
  37   1      {
  38   2      p2_0=0;p2_1=1;p2_2=1;p2_3=1;
  39   2      P0 =table[a/1000%10];
  40   2      delay(2);
  41   2      
  42   2      
  43   2      p2_0=1;p2_1=0;p2_2=1;p2_3=1;
  44   2      P0 =table[a/100%10];
  45   2      delay(2);
  46   2      
  47   2      p2_0=1;p2_1=1;p2_2=0;p2_3=1;
  48   2      P0 =table[a/10%10];
  49   2      delay(2);
  50   2      
  51   2      p2_0=1;p2_1=1;p2_2=1;p2_3=0;
  52   2      P0 =table[a%10];
  53   2      delay(2);
  54   2      }                                                       
  55   1      }
C51 COMPILER V9.01   WUXIAN                                                                08/24/2013 16:14:51 PAGE 2   

  56          /****************************************************************************
  57          函数功能:主程序
  58          入口参数:
  59          出口参数:
  60          ****************************************************************************/
  61          void main(void)
  62          {
  63   1              char datavalue;
  64   1                                                      
  65   1                                                              //置输入状态
  66   1              while(1)
  67   1              {
  68   2                                                      //端口初始化
  69   2               
  70   2      
  71   2                      if(p1_0==1)//A
  72   2              {       datavalue=0x01;
  73   3                              display(datavalue);     }
  74   2                      if(p1_1==1)//B
  75   2                      {datavalue=0x02;
  76   3                              display(datavalue);     
  77   3                       }
  78   2                      if(p1_2==1)//C
  79   2                      {datavalue=0x03;
  80   3                              display(datavalue);     }
  81   2                      if(p1_3==1)//d
  82   2                      {
  83   3                      datavalue=0x04;
  84   3                          display(datavalue);         //将读到的数显示
  85   3                       }
  86   2      
  87   2                      
  88   2              }
  89   1      }
  90          


MODULE INFORMATION:   STATIC OVERLAYABLE
   CODE SIZE        =    194    ----
   CONSTANT SIZE    =     10    ----
   XDATA SIZE       =   ----    ----
   PDATA SIZE       =   ----    ----
   DATA SIZE        =   ----       2
   IDATA SIZE       =   ----    ----
   BIT SIZE         =   ----    ----
END OF MODULE INFORMATION.


C51 COMPILATION COMPLETE.  0 WARNING(S),  0 ERROR(S)
